->rgb(213,39,9)
GOMP_parallel->rgb(208,14,3)
Renderer::display->rgb(251,212,50)
SDL_GetRenderer->rgb(206,7,1)
SDL_GetRenderer@plt->rgb(222,80,19)
SDL_RenderDrawPoint->rgb(212,35,8)
SDL_RenderDrawPoint@plt->rgb(228,109,26)
SDL_SetRenderDrawColor->rgb(245,187,44)
SDL_SetRenderDrawColor@plt->rgb(211,31,7)
Window::Window->rgb(248,201,48)
XCheckIfEvent->rgb(206,6,1)
[libGLX.so.0.0.0]->rgb(219,64,15)
[libGLX_mesa.so.0.0.0]->rgb(229,111,26)
[libGLdispatch.so.0.0.0]->rgb(209,20,4)
[libLLVM.so.20.1]->rgb(230,115,27)
[libSDL2-2.0.so.0.3000.0]->rgb(227,102,24)
[libX11.so.6.4.0]->rgb(220,73,17)
[libc.so.6]->rgb(223,84,20)
[libgallium-25.0.7-0ubuntu0.24.04.2.so]->rgb(226,100,24)
[libgomp.so.1.0.0]->rgb(220,71,17)
[libxcb.so.1.1.0]->rgb(226,98,23)
[unknown]->rgb(210,24,5)
_XFlush->rgb(211,27,6)
_XSend->rgb(236,143,34)
_XimLocalOpenIM->rgb(211,29,6)
_XimOpenIM->rgb(233,129,30)
__GI___futex_abstimed_wait_cancelable64->rgb(215,48,11)
__GI___ioctl->rgb(232,128,30)
__GI___lll_lock_wait->rgb(226,96,23)
__GI___lll_lock_wake->rgb(210,23,5)
__common_interrupt->rgb(237,150,36)
__do_softirq->rgb(246,191,45)
__futex_wait->rgb(207,12,3)
__handle_irq_event_percpu->rgb(236,147,35)
__handle_mm_fault->rgb(207,9,2)
__hrtimer_run_queues->rgb(237,150,35)
__i915_active_fence_set->rgb(222,80,19)
__i915_request_queue->rgb(237,149,35)
__i915_sw_fence_complete->rgb(228,105,25)
__intel_context_do_pin_ww->rgb(236,145,34)
__irq_exit_rcu->rgb(227,101,24)
__libc_start_call_main->rgb(210,26,6)
__libc_start_main@@GLIBC_2.34->rgb(229,113,27)
__local_bh_enable_ip->rgb(237,147,35)
__memcmp_evex_movbe->rgb(219,67,16)
__memmove_evex_unaligned_erms->rgb(226,100,24)
__perf_event_task_sched_in->rgb(231,121,29)
__pick_next_task->rgb(228,108,25)
__poll->rgb(250,208,49)
__popcountdi2->rgb(252,218,52)
__popcountdi2@plt->rgb(218,62,14)
__rseq_handle_notify_resume->rgb(238,153,36)
__run_exit_handlers->rgb(216,51,12)
__run_timers->rgb(206,5,1)
__schedule->rgb(227,103,24)
__smp_call_single_queue->rgb(219,66,15)
__strcmp_evex->rgb(234,134,32)
__sysvec_apic_timer_interrupt->rgb(242,173,41)
__sysvec_irq_work->rgb(229,110,26)
__timekeeping_advance->rgb(250,208,49)
__update_load_avg_cfs_rq->rgb(228,107,25)
__update_load_avg_se->rgb(254,227,54)
__x64_sys_futex->rgb(239,159,38)
__x64_sys_ioctl->rgb(249,204,49)
__x64_sys_poll->rgb(245,186,44)
_dl_catch_error->rgb(223,83,20)
_dl_catch_exception->rgb(253,223,53)
_dl_init->rgb(225,96,23)
_dl_lookup_symbol_x->rgb(211,28,6)
_dl_open->rgb(238,156,37)
_dl_relocate_object->rgb(231,120,28)
_dl_start->rgb(237,151,36)
_dl_start_user->rgb(236,145,34)
_dl_sysdep_start->rgb(234,137,32)
_dlerror_run->rgb(210,27,6)
_i915_vma_move_to_active->rgb(235,142,34)
_int_malloc->rgb(215,47,11)
_regmap_read->rgb(216,51,12)
_start->rgb(245,185,44)
account_process_tick->rgb(234,136,32)
account_user_time->rgb(225,96,23)
advance->rgb(249,204,48)
advance_time->rgb(251,214,51)
alloc_anon_folio->rgb(223,86,20)
ant_simu.exe->rgb(254,229,54)
ant_simu:gdrv0->rgb(237,149,35)
asm_common_interrupt->rgb(227,105,25)
asm_exc_page_fault->rgb(225,93,22)
asm_sysvec_apic_timer_interrupt->rgb(232,127,30)
asm_sysvec_irq_work->rgb(219,64,15)
asm_sysvec_reschedule_ipi->rgb(249,205,49)
cache_tag_flush_all->rgb(252,216,51)
cache_tag_flush_range->rgb(232,127,30)
call_init.part.0->rgb(231,122,29)
call_timer_fn->rgb(234,135,32)
clockevents_program_event->rgb(244,182,43)
clone3->rgb(216,54,12)
common_interrupt->rgb(215,46,11)
dequeue_entities->rgb(241,166,39)
dequeue_entity->rgb(233,130,31)
dequeue_task->rgb(244,183,43)
dequeue_task_fair->rgb(230,119,28)
dl_main->rgb(236,145,34)
dl_open_worker->rgb(236,145,34)
dl_open_worker_begin->rgb(233,129,31)
dlopen@GLIBC_2.2.5->rgb(226,97,23)
dlopen_doit->rgb(211,31,7)
dma_fence_release->rgb(234,136,32)
dma_resv_add_fence->rgb(219,65,15)
do_anonymous_page->rgb(238,155,37)
do_fault->rgb(248,200,47)
do_futex->rgb(245,184,44)
do_lookup_x->rgb(245,187,44)
do_poll.constprop.0->rgb(236,145,34)
do_softirq.part.0->rgb(233,131,31)
do_sys_poll->rgb(219,68,16)
do_syscall_64->rgb(209,20,4)
do_user_addr_fault->rgb(228,108,25)
driCreateNewScreen3->rgb(220,71,17)
dri_flush->rgb(212,32,7)
drm_ioctl->rgb(231,121,29)
drm_ioctl_kernel->rgb(226,101,24)
drm_syncobj_wait_ioctl->rgb(221,76,18)
dw_reg_read->rgb(205,3,0)
eb_capture_stage->rgb(230,116,27)
eb_lookup_vma->rgb(205,1,0)
eb_lookup_vmas->rgb(212,34,8)
eb_move_to_gpu->rgb(239,160,38)
eb_pin_engine->rgb(218,62,14)
eb_request_add->rgb(212,35,8)
eb_validate_vmas->rgb(225,94,22)
enqueue_hrtimer->rgb(211,29,7)
enqueue_task->rgb(230,116,27)
enqueue_task_fair->rgb(216,52,12)
entry_SYSCALL_64_after_hwframe->rgb(218,63,15)
exc_page_fault->rgb(212,35,8)
execlists_submission_tasklet->rgb(240,161,38)
exit_to_user_mode_loop->rgb(224,90,21)
finish_task_switch.isra.0->rgb(246,189,45)
folio_prealloc->rgb(239,160,38)
fq_flush_timeout->rgb(213,40,9)
fractal_land::compute_subgrid->rgb(221,74,17)
fractal_land::fractal_land->rgb(254,229,54)
futex_do_wait->rgb(208,15,3)
futex_hash->rgb(245,184,44)
futex_wait->rgb(235,138,33)
futex_wait_setup->rgb(247,195,46)
futex_wake->rgb(219,65,15)
futex_wake_mark->rgb(247,193,46)
gen11_display_irq_handler->rgb(228,106,25)
gen11_gt_irq_handler->rgb(210,23,5)
gen11_irq_handler->rgb(238,153,36)
gen8_de_irq_handler->rgb(247,196,46)
generic_handle_irq->rgb(251,212,50)
glXChooseVisual->rgb(241,166,39)
handle_edge_irq->rgb(220,69,16)
handle_fasteoi_irq->rgb(210,26,6)
handle_irq_desc->rgb(205,2,0)
handle_irq_event->rgb(209,19,4)
handle_mm_fault->rgb(234,135,32)
handle_pte_fault->rgb(217,57,13)
handle_softirqs->rgb(238,156,37)
handle_untracked_irq->rgb(228,107,25)
hrtimer_interrupt->rgb(228,109,26)
i2c_dw_isr->rgb(223,82,19)
i2c_dw_process_transfer->rgb(248,200,47)
i2c_dw_read->rgb(219,65,15)
i2c_dw_read_clear_intrbits->rgb(210,26,6)
i2c_dw_xfer_msg->rgb(231,122,29)
i915_active_acquire->rgb(253,221,53)
i915_active_add_request->rgb(220,72,17)
i915_fence_release->rgb(205,4,0)
i915_gem_do_execbuffer->rgb(216,54,13)
i915_gem_execbuffer2_ioctl->rgb(225,92,22)
i915_request_create->rgb(254,228,54)
i915_request_free_capture_list->rgb(231,123,29)
i915_sw_fence_commit->rgb(249,202,48)
idma64_irq->rgb(215,47,11)
idma64_irq.cold->rgb(218,59,14)
intel_flush_iotlb_all->rgb(209,21,5)
intel_gpio_irq->rgb(218,64,15)
intel_pmu_enable_all->rgb(205,4,1)
irq_exit_rcu->rgb(254,227,54)
irq_work_run->rgb(225,93,22)
irq_work_run_list->rgb(243,176,42)
irqentry_exit->rgb(219,66,15)
irqentry_exit_to_user_mode->rgb(254,229,54)
its_return_thunk->rgb(245,187,44)
loader_dri3_get_buffers->rgb(250,209,50)
loader_dri3_swap_buffers_msc->rgb(205,3,0)
main->rgb(243,179,42)
malloc->rgb(230,119,28)
memcmp@plt->rgb(251,214,51)
memcpy@plt->rgb(224,88,21)
native_write_msr->rgb(237,151,36)
node_retire->rgb(218,61,14)
nohz_balancer_kick->rgb(225,93,22)
nvme_irq->rgb(225,95,22)
perf_adjust_freq_unthr_context->rgb(236,146,35)
perf_ctx_enable->rgb(227,105,25)
perf_event_task_tick->rgb(205,3,0)
pheronome::do_evaporation->rgb(251,215,51)
pick_next_task->rgb(206,4,1)
pick_next_task_fair->rgb(242,170,40)
place_entity->rgb(238,153,36)
poll_schedule_timeout.constprop.0->rgb(220,73,17)
process_csb->rgb(229,113,27)
psi_group_change->rgb(226,101,24)
psi_task_switch->rgb(230,118,28)
pthread_cond_signal@@GLIBC_2.3.2->rgb(254,229,54)
pthread_cond_wait@@GLIBC_2.3.2->rgb(253,221,53)
pthread_mutex_unlock@@GLIBC_2.2.5->rgb(227,104,24)
put_prev_entity->rgb(211,28,6)
qi_batch_flush_descs->rgb(243,174,41)
qi_check_fault->rgb(245,184,44)
qi_submit_sync->rgb(239,159,38)
rcu_core->rgb(222,81,19)
rcu_core_si->rgb(237,150,36)
rcu_sched_clock_irq->rgb(208,15,3)
regmap_read->rgb(229,114,27)
reweight_entity->rgb(253,222,53)
run_timer_softirq->rgb(249,206,49)
sched_balance_newidle->rgb(240,164,39)
sched_balance_trigger->rgb(213,38,9)
sched_tick->rgb(238,155,37)
schedule->rgb(254,229,54)
schedule_hrtimeout_range->rgb(221,75,18)
schedule_hrtimeout_range_clock->rgb(222,81,19)
select_task_rq->rgb(225,93,22)
select_task_rq_fair->rgb(211,29,7)
signal_irq_work->rgb(206,7,1)
start_thread->rgb(212,34,8)
strcmp@plt->rgb(233,132,31)
sync_regs->rgb(228,106,25)
sysvec_apic_timer_interrupt->rgb(220,69,16)
sysvec_irq_work->rgb(206,6,1)
sysvec_reschedule_ipi->rgb(236,146,35)
task_tick_fair->rgb(217,57,13)
tasklet_action_common->rgb(212,35,8)
tasklet_hi_action->rgb(205,0,0)
tick_do_update_jiffies64->rgb(208,14,3)
tick_nohz_handler->rgb(248,200,48)
tick_program_event->rgb(241,166,39)
timekeeping_update_from_shadow->rgb(221,74,17)
timerqueue_add->rgb(214,42,10)
tmigr_handle_remote->rgb(235,140,33)
tmigr_handle_remote_up->rgb(242,173,41)
tmigr_requires_handle_remote->rgb(237,148,35)
try_to_block_task.constprop.0.isra.0->rgb(247,194,46)
try_to_wake_up->rgb(220,70,16)
ttwu_do_activate->rgb(215,48,11)
ttwu_queue_wakelist->rgb(209,19,4)
update_cfs_group->rgb(242,174,41)
update_curr->rgb(227,105,25)
update_entity_lag->rgb(221,74,17)
update_load_avg->rgb(240,165,39)
update_process_times->rgb(250,209,50)
update_se->rgb(250,210,50)
update_wall_time->rgb(207,11,2)
wake_up_q->rgb(237,151,36)
x64_sys_call->rgb(247,194,46)
x86_pmu_enable->rgb(244,179,43)
xcb_flush->rgb(224,91,21)
xcb_wait_for_special_event->rgb(237,150,35)
